
> vtt-react@0.1.3 build
> cross-env NODE_OPTIONS=--max-old-space-size=8192 REACT_APP_VERSION=%npm_package_version% craco build

Creating an optimized production build...
Compiled successfully.

File sizes after gzip:

  1.77 MB (+2 B)     build\static\js\main.bb2f3311.js
  663.26 kB (+1 B)   build\static\js\common.6ab890ad.chunk.js
  397.82 kB          build\static\css\main.cd6c7d00.css
  233.59 kB          build\static\js\179.4fd8fb03.chunk.js
  165.66 kB          build\static\js\vendors.acf338c4.chunk.js
  150.56 kB          build\static\js\stores.d89c4b4a.js
  141.1 kB           build\static\js\215.e71a8c67.js
  96.6 kB            build\static\css\common.2eaef7db.chunk.css
  81.86 kB           build\static\js\152.7e6c662d.chunk.js
  62.52 kB           build\static\js\charts.8f1e1c1d.chunk.js
  60.28 kB           build\static\js\services.6b62002f.js
  58.27 kB           build\static\js\392.0f9b1a6d.chunk.js
  57.95 kB           build\static\js\531.f75d8d40.chunk.js
  53.48 kB           build\static\js\106.d870dd26.chunk.js
  48.49 kB           build\static\js\332.1cb41017.chunk.js
  48.06 kB           build\static\js\react.c3a4e0dc.js
  38.26 kB (+6 B)    build\static\js\749.ff3cbb1b.chunk.js
  36.51 kB           build\static\js\fontawesome.127f1faa.js
  36.42 kB           build\static\js\ui.dc3f7696.js
  29.96 kB (+116 B)  build\static\css\749.3476b121.chunk.css
  26.61 kB           build\static\js\firebase.e8276c8b.js
  21.05 kB           build\static\css\fontawesome.a34c5949.css
  18.53 kB           build\static\js\34.d62b96a8.chunk.js
  14.18 kB           build\static\js\43.f0338b56.chunk.js
  11 kB              build\static\js\424.68ec8982.chunk.js
  10.64 kB           build\static\js\372.c01f98f9.chunk.js
  10.47 kB           build\static\js\745.f5c5a4b1.chunk.js
  9.68 kB            build\static\css\332.a914581b.chunk.css
  8.15 kB            build\static\js\795.dd2f3f01.chunk.js
  7.75 kB            build\static\js\955.93e9e43d.chunk.js
  7.68 kB            build\static\js\723.afb2555e.chunk.js
  7.56 kB            build\static\css\9.69ec84c2.chunk.css
  7.34 kB            build\static\js\156.18f792db.chunk.js
  7.23 kB            build\static\css\372.5de5c369.chunk.css
  6.2 kB             build\static\css\745.9b5b3c2a.chunk.css
  5.74 kB            build\static\css\424.c41d72e8.chunk.css
  5.51 kB            build\static\js\396.b00a1791.chunk.js
  5.33 kB            build\static\css\43.f839ac2e.chunk.css
  4.92 kB            build\static\css\156.7b3f7a89.chunk.css
  4.4 kB             build\static\js\431.e236863c.chunk.js
  4.33 kB            build\static\css\796.0c565460.chunk.css
  4.27 kB            build\static\css\795.b431f56c.chunk.css
  4.25 kB            build\static\js\796.51028cc4.chunk.js
  4.14 kB            build\static\css\166.c0ec134e.chunk.css
  4.13 kB            build\static\js\166.694c9522.chunk.js
  3.72 kB            build\static\css\152.c121c73e.chunk.css
  3.65 kB            build\static\css\392.4bc32444.chunk.css
  3.63 kB            build\static\css\723.36d18872.chunk.css
  3.61 kB            build\static\css\531.c12c6ebd.chunk.css
  3.3 kB             build\static\css\431.df322f14.chunk.css
  3.16 kB            build\static\css\280.c9361f8f.chunk.css
  2.78 kB            build\static\js\9.7a4b36a3.chunk.js
  2.58 kB            build\static\js\965.2d9c765b.chunk.js
  2.57 kB            build\static\js\376.220b06e6.chunk.js
  1.86 kB            build\static\js\777.911bc8e5.chunk.js
  1.73 kB            build\static\css\777.2170f646.chunk.css
  1.26 kB            build\static\css\185.8cae1c71.chunk.css
  975 B              build\static\js\969.a11280e2.chunk.js
  933 B              build\static\js\856.51b16ec4.chunk.js
  850 B              build\static\css\130.dfa855e5.chunk.css
  799 B              build\static\css\34.1c520bc5.chunk.css
  734 B              build\static\js\185.554c12d2.chunk.js
  659 B              build\static\js\280.e2afe551.chunk.js
  599 B              build\static\css\ui.5edcd081.css
  490 B              build\static\css\376.4e866b63.chunk.css
  455 B              build\static\js\130.f81b9ccd.chunk.js
  448 B              build\static\js\798.a9ce142a.chunk.js

The bundle size is significantly larger than recommended.
Consider reducing it with code splitting: https://goo.gl/9VhYWB
You can also analyze the project dependencies: https://goo.gl/LeUzfb

The project was built assuming it is hosted at /.
You can control this with the homepage field in your package.json.

The build folder is ready to be deployed.
You may serve it with a static server:

  serve -s build

Find out more about deployment here:

  https://cra.link/deployment

BUILD_EXIT_SUCCESS
